registering suika env
Metal device set to: Apple M2

systemMemory: 8.00 GB
maxCacheSize: 2.67 GB

2026-09-02 01:33:03.921793: I tensorflow/core/common_runtime/pluggable_device/pluggable_device_factory.cc:306] Could not identify NUMA node of platform GPU ID 0, defaulting to 0. Your kernel may not have been built with NUMA support.
2026-09-02 01:33:03.922186: I tensorflow/core/common_runtime/pluggable_device/pluggable_device_factory.cc:272] Created TensorFlow device (/job:localhost/replica:0/task:0/device:GPU:0 with 0 MB memory) -> physical PluggableDevice (device: 0, name: METAL, pci bus id: <undefined>)
Episode    0  reward   1250.0  steps  169  eps 1.000  buffer    169 (0.02 GB)  grads 0
2026-09-02 01:33:42.461260: W tensorflow/core/platform/profile_utils/cpu_utils.cc:128] Failed to get CPU frequency: 0 Hz
2026-09-02 01:33:42.598272: I tensorflow/core/grappler/optimizers/custom_graph_optimizer_registry.cc:114] Plugin optimizer for device_type GPU is enabled.
Episode    1  reward   1285.0  steps  165  eps 0.990  buffer    334 (0.03 GB)  grads 0
Episode    2  reward   1775.0  steps  197  eps 0.980  buffer    531 (0.05 GB)  grads 0
Episode    3  reward   1520.0  steps  190  eps 0.970  buffer    721 (0.07 GB)  grads 0
Episode    4  reward   1492.0  steps  185  eps 0.961  buffer    906 (0.09 GB)  grads 0
Episode    5  reward   1377.0  steps  160  eps 0.951  buffer   1066 (0.10 GB)  grads 0
Episode    6  reward   1175.0  steps  160  eps 0.941  buffer   1226 (0.12 GB)  grads 0
Episode    7  reward   1281.0  steps  171  eps 0.932  buffer   1397 (0.14 GB)  grads 0
Episode    8  reward   1432.0  steps  182  eps 0.923  buffer   1579 (0.16 GB)  grads 0
Episode    9  reward   1456.0  steps  180  eps 0.914  buffer   1759 (0.17 GB)  grads 0
Episode   10  reward   1347.0  steps  170  eps 0.904  buffer   1929 (0.19 GB)  grads 0
2026-09-02 01:38:01.918598: I tensorflow/core/grappler/optimizers/custom_graph_optimizer_registry.cc:114] Plugin optimizer for device_type GPU is enabled.
2026-09-02 01:38:02.857078: I tensorflow/core/grappler/optimizers/custom_graph_optimizer_registry.cc:114] Plugin optimizer for device_type GPU is enabled.
Episode   11  reward   1436.0  steps  188  eps 0.895  buffer   2117 (0.21 GB)  grads 29
Episode   12  reward    787.0  steps  129  eps 0.886  buffer   2246 (0.22 GB)  grads 61
Episode   13  reward    895.0  steps  125  eps 0.878  buffer   2371 (0.23 GB)  grads 92
Episode   14  reward   1827.0  steps  197  eps 0.869  buffer   2568 (0.25 GB)  grads 141
Episode   15  reward   1219.0  steps  144  eps 0.860  buffer   2712 (0.27 GB)  grads 177
Episode   16  reward    780.0  steps  132  eps 0.851  buffer   2844 (0.28 GB)  grads 210
Episode   17  reward   2518.0  steps  278  eps 0.843  buffer   3122 (0.31 GB)  grads 279
Episode   18  reward   1289.0  steps  164  eps 0.835  buffer   3286 (0.32 GB)  grads 320
Episode   19  reward   1654.0  steps  178  eps 0.826  buffer   3464 (0.34 GB)  grads 364
Episode   20  reward   1734.0  steps  200  eps 0.818  buffer   3664 (0.36 GB)  grads 414
Episode   21  reward   1462.0  steps  177  eps 0.810  buffer   3841 (0.38 GB)  grads 458
Episode   22  reward   1291.0  steps  175  eps 0.802  buffer   4016 (0.39 GB)  grads 501
Episode   23  reward   1757.0  steps  193  eps 0.794  buffer   4209 (0.41 GB)  grads 549
Episode   24  reward   1701.0  steps  196  eps 0.786  buffer   4405 (0.43 GB)  grads 598
           eval mean   1337.0  over 5 episodes  [935..1745]  steps 165
Episode   25  reward   1105.0  steps  143  eps 0.778  buffer   4548 (0.45 GB)  grads 633
Episode   26  reward    903.0  steps  136  eps 0.770  buffer   4684 (0.46 GB)  grads 667
Episode   27  reward   1174.0  steps  154  eps 0.762  buffer   4838 (0.48 GB)  grads 705
Episode   28  reward   1263.0  steps  154  eps 0.755  buffer   4992 (0.49 GB)  grads 743
Episode   29  reward   1730.0  steps  199  eps 0.747  buffer   5191 (0.51 GB)  grads 792
Episode   30  reward   1672.0  steps  188  eps 0.740  buffer   5379 (0.53 GB)  grads 839
Episode   31  reward   1409.0  steps  170  eps 0.732  buffer   5549 (0.55 GB)  grads 881
Episode   32  reward   1321.0  steps  168  eps 0.725  buffer   5717 (0.56 GB)  grads 923
Episode   33  reward   1776.0  steps  199  eps 0.718  buffer   5916 (0.58 GB)  grads 972
Episode   34  reward   1391.0  steps  186  eps 0.711  buffer   6102 (0.60 GB)  grads 1018
Episode   35  reward   1812.0  steps  208  eps 0.703  buffer   6310 (0.62 GB)  grads 1070
Episode   36  reward   1541.0  steps  177  eps 0.696  buffer   6487 (0.64 GB)  grads 1114
Episode   37  reward   1011.0  steps  141  eps 0.689  buffer   6628 (0.65 GB)  grads 1149
Episode   38  reward   1714.0  steps  186  eps 0.683  buffer   6814 (0.67 GB)  grads 1195
Episode   39  reward   1181.0  steps  165  eps 0.676  buffer   6979 (0.69 GB)  grads 1236
Episode   40  reward   1569.0  steps  187  eps 0.669  buffer   7166 (0.70 GB)  grads 1282
Episode   41  reward   1040.0  steps  149  eps 0.662  buffer   7315 (0.72 GB)  grads 1319
Episode   42  reward   1541.0  steps  196  eps 0.656  buffer   7511 (0.74 GB)  grads 1368
Episode   43  reward   1507.0  steps  179  eps 0.649  buffer   7690 (0.76 GB)  grads 1412
Episode   44  reward   1332.0  steps  161  eps 0.643  buffer   7851 (0.77 GB)  grads 1452
Episode   45  reward   2037.0  steps  240  eps 0.636  buffer   8091 (0.80 GB)  grads 1512
Episode   46  reward   1559.0  steps  173  eps 0.630  buffer   8264 (0.81 GB)  grads 1555
Episode   47  reward   1086.0  steps  171  eps 0.624  buffer   8435 (0.83 GB)  grads 1597
Episode   48  reward   1256.0  steps  160  eps 0.617  buffer   8595 (0.84 GB)  grads 1637
Episode   49  reward   1261.0  steps  154  eps 0.611  buffer   8749 (0.86 GB)  grads 1675
           eval mean   1495.4  over 5 episodes  [938..1927]  steps 179
Episode   50  reward   1671.0  steps  194  eps 0.605  buffer   8943 (0.88 GB)  grads 1723
Episode   51  reward   1569.0  steps  214  eps 0.599  buffer   9157 (0.90 GB)  grads 1776
Episode   52  reward   1153.0  steps  158  eps 0.593  buffer   9315 (0.92 GB)  grads 1815
Episode   53  reward    975.0  steps  141  eps 0.587  buffer   9456 (0.93 GB)  grads 1850
Episode   54  reward   1399.0  steps  175  eps 0.581  buffer   9631 (0.95 GB)  grads 1893
Episode   55  reward   1122.0  steps  135  eps 0.575  buffer   9766 (0.96 GB)  grads 1926
Episode   56  reward   1230.0  steps  144  eps 0.570  buffer   9910 (0.97 GB)  grads 1962
Episode   57  reward   1347.0  steps  173  eps 0.564  buffer  10000 (0.98 GB)  grads 2005
Episode   58  reward   1518.0  steps  189  eps 0.558  buffer  10000 (0.98 GB)  grads 2052
Episode   59  reward   1077.0  steps  142  eps 0.553  buffer  10000 (0.98 GB)  grads 2087
Episode   60  reward    989.0  steps  138  eps 0.547  buffer  10000 (0.98 GB)  grads 2121
Episode   61  reward   1908.0  steps  218  eps 0.542  buffer  10000 (0.98 GB)  grads 2175
Episode   62  reward   1280.0  steps  157  eps 0.536  buffer  10000 (0.98 GB)  grads 2214
Episode   63  reward   1436.0  steps  179  eps 0.531  buffer  10000 (0.98 GB)  grads 2258
Episode   64  reward   1173.0  steps  162  eps 0.526  buffer  10000 (0.98 GB)  grads 2298
Episode   65  reward   1670.0  steps  195  eps 0.520  buffer  10000 (0.98 GB)  grads 2346
Episode   66  reward   1679.0  steps  201  eps 0.515  buffer  10000 (0.98 GB)  grads 2396
Episode   67  reward   1655.0  steps  183  eps 0.510  buffer  10000 (0.98 GB)  grads 2441
Episode   68  reward   1337.0  steps  164  eps 0.505  buffer  10000 (0.98 GB)  grads 2482
Episode   69  reward   1350.0  steps  175  eps 0.500  buffer  10000 (0.98 GB)  grads 2525
Episode   70  reward   1292.0  steps  171  eps 0.495  buffer  10000 (0.98 GB)  grads 2567
Episode   71  reward   1501.0  steps  189  eps 0.490  buffer  10000 (0.98 GB)  grads 2614
Episode   72  reward   1048.0  steps  143  eps 0.485  buffer  10000 (0.98 GB)  grads 2649
Episode   73  reward    980.0  steps  140  eps 0.480  buffer  10000 (0.98 GB)  grads 2684
Episode   74  reward   1928.0  steps  219  eps 0.475  buffer  10000 (0.98 GB)  grads 2738
           eval mean   1389.2  over 5 episodes  [1206..1769]  steps 165
Episode   75  reward   1197.0  steps  160  eps 0.471  buffer  10000 (0.98 GB)  grads 2778
Episode   76  reward   1239.0  steps  159  eps 0.466  buffer  10000 (0.98 GB)  grads 2817
Episode   77  reward   1095.0  steps  147  eps 0.461  buffer  10000 (0.98 GB)  grads 2853
Episode   78  reward   1494.0  steps  175  eps 0.457  buffer  10000 (0.98 GB)  grads 2896
Episode   79  reward   1456.0  steps  198  eps 0.452  buffer  10000 (0.98 GB)  grads 2945
Episode   80  reward   1200.0  steps  168  eps 0.448  buffer  10000 (0.98 GB)  grads 2987
Episode   81  reward   1509.0  steps  182  eps 0.443  buffer  10000 (0.98 GB)  grads 3032
Episode   82  reward   1713.0  steps  189  eps 0.439  buffer  10000 (0.98 GB)  grads 3079
Episode   83  reward   1684.0  steps  201  eps 0.434  buffer  10000 (0.98 GB)  grads 3129
Episode   84  reward   1725.0  steps  196  eps 0.430  buffer  10000 (0.98 GB)  grads 3178
Episode   85  reward   1146.0  steps  149  eps 0.426  buffer  10000 (0.98 GB)  grads 3215
Episode   86  reward   1190.0  steps  164  eps 0.421  buffer  10000 (0.98 GB)  grads 3256
Episode   87  reward   1900.0  steps  212  eps 0.417  buffer  10000 (0.98 GB)  grads 3309
Episode   88  reward   1461.0  steps  180  eps 0.413  buffer  10000 (0.98 GB)  grads 3354
Episode   89  reward   1519.0  steps  175  eps 0.409  buffer  10000 (0.98 GB)  grads 3397
Episode   90  reward   1660.0  steps  186  eps 0.405  buffer  10000 (0.98 GB)  grads 3443
Episode   91  reward   1527.0  steps  186  eps 0.401  buffer  10000 (0.98 GB)  grads 3489
Episode   92  reward   1132.0  steps  167  eps 0.397  buffer  10000 (0.98 GB)  grads 3530
Episode   93  reward   1756.0  steps  199  eps 0.393  buffer  10000 (0.98 GB)  grads 3579
Episode   94  reward   1446.0  steps  174  eps 0.389  buffer  10000 (0.98 GB)  grads 3622
Episode   95  reward   1749.0  steps  201  eps 0.385  buffer  10000 (0.98 GB)  grads 3672
Episode   96  reward   1197.0  steps  167  eps 0.381  buffer  10000 (0.98 GB)  grads 3713
Episode   97  reward   1064.0  steps  137  eps 0.377  buffer  10000 (0.98 GB)  grads 3747
Episode   98  reward   1344.0  steps  157  eps 0.373  buffer  10000 (0.98 GB)  grads 3786
Episode   99  reward   1153.0  steps  162  eps 0.370  buffer  10000 (0.98 GB)  grads 3826
           eval mean   1683.4  over 5 episodes  [1266..2186]  steps 197
Episode  100  reward   1044.0  steps  157  eps 0.366  buffer  10000 (0.98 GB)  grads 3865
Episode  101  reward   1269.0  steps  162  eps 0.362  buffer  10000 (0.98 GB)  grads 3905
Episode  102  reward   1113.0  steps  165  eps 0.359  buffer  10000 (0.98 GB)  grads 3946
Episode  103  reward   1379.0  steps  163  eps 0.355  buffer  10000 (0.98 GB)  grads 3986
Episode  104  reward   1503.0  steps  171  eps 0.352  buffer  10000 (0.98 GB)  grads 4028
Episode  105  reward   1635.0  steps  200  eps 0.348  buffer  10000 (0.98 GB)  grads 4078
Episode  106  reward   1289.0  steps  175  eps 0.345  buffer  10000 (0.98 GB)  grads 4121
Episode  107  reward    994.0  steps  148  eps 0.341  buffer  10000 (0.98 GB)  grads 4158
Episode  108  reward   2016.0  steps  222  eps 0.338  buffer  10000 (0.98 GB)  grads 4213
Episode  109  reward   1828.0  steps  210  eps 0.334  buffer  10000 (0.98 GB)  grads 4265
Episode  110  reward   1265.0  steps  170  eps 0.331  buffer  10000 (0.98 GB)  grads 4307
Episode  111  reward   1761.0  steps  206  eps 0.328  buffer  10000 (0.98 GB)  grads 4358
Episode  112  reward   1204.0  steps  155  eps 0.324  buffer  10000 (0.98 GB)  grads 4396
Episode  113  reward   1707.0  steps  201  eps 0.321  buffer  10000 (0.98 GB)  grads 4446
Episode  114  reward   1280.0  steps  176  eps 0.318  buffer  10000 (0.98 GB)  grads 4490
Episode  115  reward   1165.0  steps  164  eps 0.315  buffer  10000 (0.98 GB)  grads 4531
Episode  116  browser lost (WebDriverException); restarting it
Episode  117  reward   2076.0  steps  224  eps 0.309  buffer  10000 (0.98 GB)  grads 4587
Episode  118  reward   1843.0  steps  204  eps 0.305  buffer  10000 (0.98 GB)  grads 4638
Episode  119  reward   2051.0  steps  230  eps 0.302  buffer  10000 (0.98 GB)  grads 4695
Episode  120  browser lost (WebDriverException); restarting it
Episode  121  reward   1463.0  steps  166  eps 0.296  buffer  10000 (0.98 GB)  grads 4736
Episode  122  reward   1753.0  steps  209  eps 0.293  buffer  10000 (0.98 GB)  grads 4788
Episode  123  reward   1042.0  steps  148  eps 0.290  buffer  10000 (0.98 GB)  grads 4825
Episode  124  reward   1696.0  steps  204  eps 0.288  buffer  10000 (0.98 GB)  grads 4876
           eval mean   1429.0  over 5 episodes  [1055..1758]  steps 172
Episode  125  reward   1207.0  steps  171  eps 0.285  buffer  10000 (0.98 GB)  grads 4918
Episode  126  reward   2054.0  steps  222  eps 0.282  buffer  10000 (0.98 GB)  grads 4973
Episode  127  reward   1543.0  steps  170  eps 0.279  buffer  10000 (0.98 GB)  grads 5015
Episode  128  reward   1675.0  steps  192  eps 0.276  buffer  10000 (0.98 GB)  grads 5063
Episode  129  reward   1588.0  steps  199  eps 0.273  buffer  10000 (0.98 GB)  grads 5112
Episode  130  reward   1036.0  steps  134  eps 0.271  buffer  10000 (0.98 GB)  grads 5145
Episode  131  reward   1958.0  steps  223  eps 0.268  buffer  10000 (0.98 GB)  grads 5200
Episode  132  reward   1785.0  steps  198  eps 0.265  buffer  10000 (0.98 GB)  grads 5249
Episode  133  reward   1333.0  steps  177  eps 0.263  buffer  10000 (0.98 GB)  grads 5293
Episode  134  reward   1729.0  steps  203  eps 0.260  buffer  10000 (0.98 GB)  grads 5343
Episode  135  reward   1577.0  steps  178  eps 0.257  buffer  10000 (0.98 GB)  grads 5387
Episode  136  reward   1230.0  steps  147  eps 0.255  buffer  10000 (0.98 GB)  grads 5423
Episode  137  reward   1285.0  steps  170  eps 0.252  buffer  10000 (0.98 GB)  grads 5465
Episode  138  reward   1720.0  steps  208  eps 0.250  buffer  10000 (0.98 GB)  grads 5517
Episode  139  reward   1051.0  steps  144  eps 0.247  buffer  10000 (0.98 GB)  grads 5553
Episode  140  reward   1927.0  steps  225  eps 0.245  buffer  10000 (0.98 GB)  grads 5609
Episode  141  reward   1428.0  steps  164  eps 0.242  buffer  10000 (0.98 GB)  grads 5650
Episode  142  reward   1175.0  steps  149  eps 0.240  buffer  10000 (0.98 GB)  grads 5687
Episode  143  reward   1876.0  steps  200  eps 0.238  buffer  10000 (0.98 GB)  grads 5737
Episode  144  reward   1361.0  steps  166  eps 0.235  buffer  10000 (0.98 GB)  grads 5778
Episode  145  reward   1146.0  steps  157  eps 0.233  buffer  10000 (0.98 GB)  grads 5817
Episode  146  reward   1598.0  steps  187  eps 0.231  buffer  10000 (0.98 GB)  grads 5863
Episode  147  reward    835.0  steps  111  eps 0.228  buffer  10000 (0.98 GB)  grads 5890
Episode  148  reward   1922.0  steps  197  eps 0.226  buffer  10000 (0.98 GB)  grads 5939
Episode  149  reward   1756.0  steps  210  eps 0.224  buffer  10000 (0.98 GB)  grads 5991
           eval mean   1587.4  over 5 episodes  [1284..2027]  steps 184
Episode  150  reward   1034.0  steps  138  eps 0.221  buffer  10000 (0.98 GB)  grads 6025
Episode  151  reward    997.0  steps  136  eps 0.219  buffer  10000 (0.98 GB)  grads 6059
Episode  152  reward   1322.0  steps  183  eps 0.217  buffer  10000 (0.98 GB)  grads 6104
Episode  153  reward   1842.0  steps  212  eps 0.215  buffer  10000 (0.98 GB)  grads 6157
Episode  154  reward   1151.0  steps  153  eps 0.213  buffer  10000 (0.98 GB)  grads 6195
Episode  155  reward   1674.0  steps  213  eps 0.211  buffer  10000 (0.98 GB)  grads 6248
Episode  156  reward   1523.0  steps  175  eps 0.208  buffer  10000 (0.98 GB)  grads 6291
Episode  157  reward   1841.0  steps  197  eps 0.206  buffer  10000 (0.98 GB)  grads 6340
Episode  158  reward   1160.0  steps  151  eps 0.204  buffer  10000 (0.98 GB)  grads 6377
Episode  159  reward   1726.0  steps  201  eps 0.202  buffer  10000 (0.98 GB)  grads 6427
Episode  160  reward   1441.0  steps  185  eps 0.200  buffer  10000 (0.98 GB)  grads 6473
Episode  161  reward   1833.0  steps  209  eps 0.198  buffer  10000 (0.98 GB)  grads 6525
Episode  162  reward   1840.0  steps  208  eps 0.196  buffer  10000 (0.98 GB)  grads 6577
Episode  163  reward   2238.0  steps  218  eps 0.194  buffer  10000 (0.98 GB)  grads 6631
Episode  164  reward   1597.0  steps  185  eps 0.192  buffer  10000 (0.98 GB)  grads 6677
Episode  165  reward   1606.0  steps  194  eps 0.190  buffer  10000 (0.98 GB)  grads 6725
Episode  166  reward   1404.0  steps  167  eps 0.189  buffer  10000 (0.98 GB)  grads 6766
Episode  167  reward   1272.0  steps  164  eps 0.187  buffer  10000 (0.98 GB)  grads 6807
Episode  168  reward   1595.0  steps  200  eps 0.185  buffer  10000 (0.98 GB)  grads 6857
Episode  169  reward   1825.0  steps  203  eps 0.183  buffer  10000 (0.98 GB)  grads 6907
Episode  170  browser lost (WebDriverException); restarting it
Episode  171  reward   1366.0  steps  170  eps 0.179  buffer  10000 (0.98 GB)  grads 6949
Episode  172  reward   1431.0  steps  165  eps 0.178  buffer  10000 (0.98 GB)  grads 6990
Episode  173  reward   1894.0  steps  215  eps 0.176  buffer  10000 (0.98 GB)  grads 7043
Episode  174  reward   1337.0  steps  180  eps 0.174  buffer  10000 (0.98 GB)  grads 7088
           eval mean   1658.8  over 5 episodes  [715..2264]  steps 190
Episode  175  reward   1187.0  steps  140  eps 0.172  buffer  10000 (0.98 GB)  grads 7123
Episode  176  reward   1544.0  steps  182  eps 0.171  buffer  10000 (0.98 GB)  grads 7168
Episode  177  reward   1402.0  steps  182  eps 0.169  buffer  10000 (0.98 GB)  grads 7213
Episode  178  reward   1410.0  steps  177  eps 0.167  buffer  10000 (0.98 GB)  grads 7257
Episode  179  reward   1412.0  steps  167  eps 0.165  buffer  10000 (0.98 GB)  grads 7298
Episode  180  reward   1399.0  steps  163  eps 0.164  buffer  10000 (0.98 GB)  grads 7338
Episode  181  reward   1790.0  steps  195  eps 0.162  buffer  10000 (0.98 GB)  grads 7386
Episode  182  reward   2046.0  steps  207  eps 0.161  buffer  10000 (0.98 GB)  grads 7437
Episode  183  reward   1633.0  steps  193  eps 0.159  buffer  10000 (0.98 GB)  grads 7485
Episode  184  reward   1444.0  steps  169  eps 0.157  buffer  10000 (0.98 GB)  grads 7527
Episode  185  reward   1400.0  steps  178  eps 0.156  buffer  10000 (0.98 GB)  grads 7571
Episode  186  reward   1779.0  steps  194  eps 0.154  buffer  10000 (0.98 GB)  grads 7619
Episode  187  reward   1355.0  steps  179  eps 0.153  buffer  10000 (0.98 GB)  grads 7663
Episode  188  reward   1550.0  steps  178  eps 0.151  buffer  10000 (0.98 GB)  grads 7707
Episode  189  reward   1426.0  steps  182  eps 0.150  buffer  10000 (0.98 GB)  grads 7752
Episode  190  reward   1682.0  steps  201  eps 0.148  buffer  10000 (0.98 GB)  grads 7802
Episode  191  reward   1596.0  steps  179  eps 0.147  buffer  10000 (0.98 GB)  grads 7846
Episode  192  reward   1587.0  steps  182  eps 0.145  buffer  10000 (0.98 GB)  grads 7891
Episode  193  reward   1403.0  steps  182  eps 0.144  buffer  10000 (0.98 GB)  grads 7936
Episode  194  reward   1726.0  steps  198  eps 0.142  buffer  10000 (0.98 GB)  grads 7985
Episode  195  reward   1141.0  steps  147  eps 0.141  buffer  10000 (0.98 GB)  grads 8021
Episode  196  reward   1360.0  steps  156  eps 0.139  buffer  10000 (0.98 GB)  grads 8060
Episode  197  reward   1037.0  steps  135  eps 0.138  buffer  10000 (0.98 GB)  grads 8093
Episode  198  reward   1555.0  steps  179  eps 0.137  buffer  10000 (0.98 GB)  grads 8137
Episode  199  reward   1879.0  steps  213  eps 0.135  buffer  10000 (0.98 GB)  grads 8190
           eval mean   1950.0  over 5 episodes  [1607..2425]  steps 213
Episode  200  reward   1230.0  steps  152  eps 0.134  buffer  10000 (0.98 GB)  grads 8228
Episode  201  reward   1553.0  steps  174  eps 0.133  buffer  10000 (0.98 GB)  grads 8271
Episode  202  reward   1345.0  steps  176  eps 0.131  buffer  10000 (0.98 GB)  grads 8315
Episode  203  reward   1521.0  steps  183  eps 0.130  buffer  10000 (0.98 GB)  grads 8360
Episode  204  reward   1105.0  steps  147  eps 0.129  buffer  10000 (0.98 GB)  grads 8396
Episode  205  reward   1653.0  steps  200  eps 0.127  buffer  10000 (0.98 GB)  grads 8446
Episode  206  reward   1490.0  steps  186  eps 0.126  buffer  10000 (0.98 GB)  grads 8492
Episode  207  reward   1294.0  steps  168  eps 0.125  buffer  10000 (0.98 GB)  grads 8534
Episode  208  reward   1321.0  steps  180  eps 0.124  buffer  10000 (0.98 GB)  grads 8579
Episode  209  reward   1768.0  steps  211  eps 0.122  buffer  10000 (0.98 GB)  grads 8631
Episode  210  reward   1444.0  steps  161  eps 0.121  buffer  10000 (0.98 GB)  grads 8671
Episode  211  reward   2019.0  steps  223  eps 0.120  buffer  10000 (0.98 GB)  grads 8726
Episode  212  reward   1664.0  steps  183  eps 0.119  buffer  10000 (0.98 GB)  grads 8771
Episode  213  reward   1208.0  steps  160  eps 0.118  buffer  10000 (0.98 GB)  grads 8811
Episode  214  reward   1266.0  steps  164  eps 0.116  buffer  10000 (0.98 GB)  grads 8852
Episode  215  reward   1739.0  steps  198  eps 0.115  buffer  10000 (0.98 GB)  grads 8901
Episode  216  reward    924.0  steps  126  eps 0.114  buffer  10000 (0.98 GB)  grads 8932
Episode  217  reward    946.0  steps  123  eps 0.113  buffer  10000 (0.98 GB)  grads 8962
Episode  218  reward   1385.0  steps  166  eps 0.112  buffer  10000 (0.98 GB)  grads 9003
Episode  219  reward   1661.0  steps  197  eps 0.111  buffer  10000 (0.98 GB)  grads 9052
Episode  220  reward   1946.0  steps  218  eps 0.110  buffer  10000 (0.98 GB)  grads 9106
Episode  221  reward   2895.0  steps  271  eps 0.108  buffer  10000 (0.98 GB)  grads 9173
Episode  222  reward   2180.0  steps  239  eps 0.107  buffer  10000 (0.98 GB)  grads 9232
Episode  223  reward   1894.0  steps  217  eps 0.106  buffer  10000 (0.98 GB)  grads 9286
Episode  224  reward   1225.0  steps  165  eps 0.105  buffer  10000 (0.98 GB)  grads 9327
           eval mean   1197.8  over 5 episodes  [626..1975]  steps 149
Episode  225  reward   1923.0  steps  220  eps 0.104  buffer  10000 (0.98 GB)  grads 9382
Episode  226  reward   1129.0  steps  153  eps 0.103  buffer  10000 (0.98 GB)  grads 9420
Episode  227  reward   2117.0  steps  228  eps 0.102  buffer  10000 (0.98 GB)  grads 9477
Episode  228  reward   1181.0  steps  168  eps 0.101  buffer  10000 (0.98 GB)  grads 9519
Episode  229  reward   1872.0  steps  227  eps 0.100  buffer  10000 (0.98 GB)  grads 9575
Episode  230  reward   1963.0  steps  219  eps 0.099  buffer  10000 (0.98 GB)  grads 9629
Episode  231  reward    879.0  steps  124  eps 0.098  buffer  10000 (0.98 GB)  grads 9660
Episode  232  reward   1052.0  steps  146  eps 0.097  buffer  10000 (0.98 GB)  grads 9696
Episode  233  reward   1191.0  steps  154  eps 0.096  buffer  10000 (0.98 GB)  grads 9734
Episode  234  reward   1460.0  steps  180  eps 0.095  buffer  10000 (0.98 GB)  grads 9779
Episode  235  reward   1664.0  steps  219  eps 0.094  buffer  10000 (0.98 GB)  grads 9833
Episode  236  reward   1450.0  steps  177  eps 0.093  buffer  10000 (0.98 GB)  grads 9877
Episode  237  reward   1660.0  steps  194  eps 0.092  buffer  10000 (0.98 GB)  grads 9925
Episode  238  reward   1767.0  steps  213  eps 0.091  buffer  10000 (0.98 GB)  grads 9978
Episode  239  reward   1497.0  steps  180  eps 0.091  buffer  10000 (0.98 GB)  grads 10023
Episode  240  reward    808.0  steps  123  eps 0.090  buffer  10000 (0.98 GB)  grads 10053
Episode  241  reward   1456.0  steps  173  eps 0.089  buffer  10000 (0.98 GB)  grads 10096
Episode  242  reward   1927.0  steps  215  eps 0.088  buffer  10000 (0.98 GB)  grads 10149
Episode  243  reward   1457.0  steps  169  eps 0.087  buffer  10000 (0.98 GB)  grads 10191
Episode  244  reward   1646.0  steps  183  eps 0.086  buffer  10000 (0.98 GB)  grads 10236
Episode  245  reward   1812.0  steps  210  eps 0.085  buffer  10000 (0.98 GB)  grads 10288
Episode  246  reward   1598.0  steps  173  eps 0.084  buffer  10000 (0.98 GB)  grads 10331
Episode  247  reward   1186.0  steps  159  eps 0.084  buffer  10000 (0.98 GB)  grads 10370
Episode  248  reward   1342.0  steps  157  eps 0.083  buffer  10000 (0.98 GB)  grads 10409
Episode  249  reward   1806.0  steps  200  eps 0.082  buffer  10000 (0.98 GB)  grads 10459
           eval mean   1496.8  over 5 episodes  [1180..1927]  steps 177
Episode  250  reward   1684.0  steps  192  eps 0.081  buffer  10000 (0.98 GB)  grads 10507
Episode  251  reward   1288.0  steps  158  eps 0.080  buffer  10000 (0.98 GB)  grads 10546
Episode  252  reward   1603.0  steps  184  eps 0.079  buffer  10000 (0.98 GB)  grads 10592
Episode  253  reward   1324.0  steps  171  eps 0.079  buffer  10000 (0.98 GB)  grads 10634
Episode  254  reward   1523.0  steps  168  eps 0.078  buffer  10000 (0.98 GB)  grads 10676
Episode  255  reward   1227.0  steps  169  eps 0.077  buffer  10000 (0.98 GB)  grads 10718
Episode  256  reward   1076.0  steps  155  eps 0.076  buffer  10000 (0.98 GB)  grads 10756
Episode  257  reward   1011.0  steps  136  eps 0.076  buffer  10000 (0.98 GB)  grads 10790
Episode  258  reward   1509.0  steps  168  eps 0.075  buffer  10000 (0.98 GB)  grads 10832
Episode  259  reward    908.0  steps  137  eps 0.074  buffer  10000 (0.98 GB)  grads 10866
Episode  260  reward   1259.0  steps  168  eps 0.073  buffer  10000 (0.98 GB)  grads 10908
Episode  261  reward   1068.0  steps  147  eps 0.073  buffer  10000 (0.98 GB)  grads 10944
Episode  262  browser lost (WebDriverException); restarting it
Episode  263  reward   1376.0  steps  156  eps 0.071  buffer  10000 (0.98 GB)  grads 10983
Episode  264  reward   1642.0  steps  197  eps 0.070  buffer  10000 (0.98 GB)  grads 11032
Episode  265  reward   2077.0  steps  223  eps 0.070  buffer  10000 (0.98 GB)  grads 11087
Episode  266  reward   1568.0  steps  194  eps 0.069  buffer  10000 (0.98 GB)  grads 11135
Episode  267  reward   1331.0  steps  181  eps 0.068  buffer  10000 (0.98 GB)  grads 11180
Episode  268  reward   1590.0  steps  186  eps 0.068  buffer  10000 (0.98 GB)  grads 11226
Episode  269  reward   1630.0  steps  175  eps 0.067  buffer  10000 (0.98 GB)  grads 11269
Episode  270  reward   2098.0  steps  221  eps 0.066  buffer  10000 (0.98 GB)  grads 11324
Episode  271  reward   1918.0  steps  210  eps 0.066  buffer  10000 (0.98 GB)  grads 11376
Episode  272  reward   1425.0  steps  177  eps 0.065  buffer  10000 (0.98 GB)  grads 11420
Episode  273  reward   1930.0  steps  218  eps 0.064  buffer  10000 (0.98 GB)  grads 11474
Episode  274  reward   1760.0  steps  194  eps 0.064  buffer  10000 (0.98 GB)  grads 11522
           eval mean   1661.4  over 5 episodes  [1364..2343]  steps 194
Episode  275  reward   1205.0  steps  153  eps 0.063  buffer  10000 (0.98 GB)  grads 11560
Episode  276  reward   2319.0  steps  245  eps 0.062  buffer  10000 (0.98 GB)  grads 11621
Episode  277  reward   1295.0  steps  171  eps 0.062  buffer  10000 (0.98 GB)  grads 11663
Episode  278  reward   2454.0  steps  263  eps 0.061  buffer  10000 (0.98 GB)  grads 11728
Episode  279  reward   1751.0  steps  190  eps 0.061  buffer  10000 (0.98 GB)  grads 11775
Episode  280  reward   1513.0  steps  187  eps 0.060  buffer  10000 (0.98 GB)  grads 11821
Episode  281  reward   1342.0  steps  172  eps 0.059  buffer  10000 (0.98 GB)  grads 11864
Episode  282  reward   1955.0  steps  217  eps 0.059  buffer  10000 (0.98 GB)  grads 11918
Episode  283  reward    975.0  steps  134  eps 0.058  buffer  10000 (0.98 GB)  grads 11951
Episode  284  reward   1648.0  steps  187  eps 0.058  buffer  10000 (0.98 GB)  grads 11997
Episode  285  reward   1508.0  steps  172  eps 0.057  buffer  10000 (0.98 GB)  grads 12040
Episode  286  reward   1518.0  steps  170  eps 0.056  buffer  10000 (0.98 GB)  grads 12082
Episode  287  reward   1265.0  steps  175  eps 0.056  buffer  10000 (0.98 GB)  grads 12125
Episode  288  reward   1815.0  steps  200  eps 0.055  buffer  10000 (0.98 GB)  grads 12175
Episode  289  reward   1190.0  steps  157  eps 0.055  buffer  10000 (0.98 GB)  grads 12214
Episode  290  reward   1768.0  steps  202  eps 0.054  buffer  10000 (0.98 GB)  grads 12264
Episode  291  reward    898.0  steps  132  eps 0.054  buffer  10000 (0.98 GB)  grads 12297
Episode  292  reward   1610.0  steps  171  eps 0.053  buffer  10000 (0.98 GB)  grads 12339
Episode  293  reward   1889.0  steps  205  eps 0.053  buffer  10000 (0.98 GB)  grads 12390
Episode  294  reward   1241.0  steps  162  eps 0.052  buffer  10000 (0.98 GB)  grads 12430
Episode  295  reward   2168.0  steps  234  eps 0.052  buffer  10000 (0.98 GB)  grads 12488
Episode  296  reward   1765.0  steps  198  eps 0.051  buffer  10000 (0.98 GB)  grads 12537
Episode  297  reward   1208.0  steps  159  eps 0.051  buffer  10000 (0.98 GB)  grads 12576
Episode  298  reward   2026.0  steps  235  eps 0.050  buffer  10000 (0.98 GB)  grads 12634
Episode  299  reward   2090.0  steps  230  eps 0.050  buffer  10000 (0.98 GB)  grads 12691
           eval mean   1525.4  over 5 episodes  [1376..1792]  steps 177
Episode  300  reward   1740.0  steps  203  eps 0.050  buffer  10000 (0.98 GB)  grads 12741
Episode  301  reward   1486.0  steps  182  eps 0.050  buffer  10000 (0.98 GB)  grads 12786
Episode  302  reward   1634.0  steps  181  eps 0.050  buffer  10000 (0.98 GB)  grads 12831
Episode  303  reward   1423.0  steps  170  eps 0.050  buffer  10000 (0.98 GB)  grads 12873
Episode  304  reward   1205.0  steps  160  eps 0.050  buffer  10000 (0.98 GB)  grads 12913
Episode  305  reward   1404.0  steps  175  eps 0.050  buffer  10000 (0.98 GB)  grads 12956
Episode  306  reward   1247.0  steps  152  eps 0.050  buffer  10000 (0.98 GB)  grads 12994
Episode  307  reward   1868.0  steps  218  eps 0.050  buffer  10000 (0.98 GB)  grads 13048
Episode  308  reward   1213.0  steps  149  eps 0.050  buffer  10000 (0.98 GB)  grads 13085
Episode  309  reward   1676.0  steps  192  eps 0.050  buffer  10000 (0.98 GB)  grads 13133
Episode  310  reward   1424.0  steps  175  eps 0.050  buffer  10000 (0.98 GB)  grads 13176
Episode  311  reward   1607.0  steps  194  eps 0.050  buffer  10000 (0.98 GB)  grads 13224
Episode  312  reward   1522.0  steps  175  eps 0.050  buffer  10000 (0.98 GB)  grads 13267
Episode  313  reward   1887.0  steps  204  eps 0.050  buffer  10000 (0.98 GB)  grads 13318
Episode  314  reward   1744.0  steps  199  eps 0.050  buffer  10000 (0.98 GB)  grads 13367
Episode  315  reward   1700.0  steps  185  eps 0.050  buffer  10000 (0.98 GB)  grads 13413
Episode  316  reward   1433.0  steps  157  eps 0.050  buffer  10000 (0.98 GB)  grads 13452
Episode  317  reward   1275.0  steps  175  eps 0.050  buffer  10000 (0.98 GB)  grads 13495
Episode  318  reward    977.0  steps  141  eps 0.050  buffer  10000 (0.98 GB)  grads 13530
Episode  319  reward   1183.0  steps  147  eps 0.050  buffer  10000 (0.98 GB)  grads 13566
Episode  320  reward   1746.0  steps  189  eps 0.050  buffer  10000 (0.98 GB)  grads 13613
Episode  321  reward   1404.0  steps  175  eps 0.050  buffer  10000 (0.98 GB)  grads 13656
Episode  322  reward   1793.0  steps  195  eps 0.050  buffer  10000 (0.98 GB)  grads 13704
Episode  323  reward   1290.0  steps  166  eps 0.050  buffer  10000 (0.98 GB)  grads 13745
Episode  324  reward   1657.0  steps  196  eps 0.050  buffer  10000 (0.98 GB)  grads 13794
           eval mean   1375.4  over 5 episodes  [1025..1745]  steps 164
Episode  325  reward   2118.0  steps  224  eps 0.050  buffer  10000 (0.98 GB)  grads 13850
Episode  326  reward   1741.0  steps  203  eps 0.050  buffer  10000 (0.98 GB)  grads 13900
Episode  327  reward   2315.0  steps  251  eps 0.050  buffer  10000 (0.98 GB)  grads 13962
Episode  328  reward   1246.0  steps  147  eps 0.050  buffer  10000 (0.98 GB)  grads 13998
Episode  329  reward   1425.0  steps  163  eps 0.050  buffer  10000 (0.98 GB)  grads 14038
Episode  330  reward   1554.0  steps  175  eps 0.050  buffer  10000 (0.98 GB)  grads 14081
Episode  331  reward   1304.0  steps  162  eps 0.050  buffer  10000 (0.98 GB)  grads 14121
Episode  332  reward   1347.0  steps  178  eps 0.050  buffer  10000 (0.98 GB)  grads 14165
Episode  333  reward   1820.0  steps  213  eps 0.050  buffer  10000 (0.98 GB)  grads 14218
Episode  334  reward    971.0  steps  137  eps 0.050  buffer  10000 (0.98 GB)  grads 14252
Episode  335  reward   1088.0  steps  155  eps 0.050  buffer  10000 (0.98 GB)  grads 14290
Episode  336  reward   2017.0  steps  206  eps 0.050  buffer  10000 (0.98 GB)  grads 14341
Episode  337  reward   1771.0  steps  215  eps 0.050  buffer  10000 (0.98 GB)  grads 14394
Episode  338  reward   1770.0  steps  200  eps 0.050  buffer  10000 (0.98 GB)  grads 14444
Episode  339  reward   1998.0  steps  236  eps 0.050  buffer  10000 (0.98 GB)  grads 14503
Episode  340  reward    997.0  steps  147  eps 0.050  buffer  10000 (0.98 GB)  grads 14539
Episode  341  reward    938.0  steps  126  eps 0.050  buffer  10000 (0.98 GB)  grads 14570
Episode  342  reward   1725.0  steps  201  eps 0.050  buffer  10000 (0.98 GB)  grads 14620
Episode  343  reward   1060.0  steps  134  eps 0.050  buffer  10000 (0.98 GB)  grads 14653
Episode  344  reward   1444.0  steps  181  eps 0.050  buffer  10000 (0.98 GB)  grads 14698
Episode  345  reward   1342.0  steps  174  eps 0.050  buffer  10000 (0.98 GB)  grads 14741
Episode  346  reward   1178.0  steps  152  eps 0.050  buffer  10000 (0.98 GB)  grads 14779
Episode  347  reward   1558.0  steps  189  eps 0.050  buffer  10000 (0.98 GB)  grads 14826
Episode  348  reward   1786.0  steps  218  eps 0.050  buffer  10000 (0.98 GB)  grads 14880
Episode  349  reward   1937.0  steps  220  eps 0.050  buffer  10000 (0.98 GB)  grads 14935
           eval mean   1849.6  over 5 episodes  [1489..2510]  steps 202
Episode  350  reward   1497.0  steps  175  eps 0.050  buffer  10000 (0.98 GB)  grads 14978
Episode  351  reward   1818.0  steps  198  eps 0.050  buffer  10000 (0.98 GB)  grads 15027
Episode  352  reward   1141.0  steps  156  eps 0.050  buffer  10000 (0.98 GB)  grads 15066
Episode  353  reward    972.0  steps  118  eps 0.050  buffer  10000 (0.98 GB)  grads 15095
Episode  354  reward   1108.0  steps  149  eps 0.050  buffer  10000 (0.98 GB)  grads 15132
Episode  355  reward   1309.0  steps  180  eps 0.050  buffer  10000 (0.98 GB)  grads 15177
Episode  356  reward   1747.0  steps  209  eps 0.050  buffer  10000 (0.98 GB)  grads 15229
